[2025-12-02 22:04:52] [DEBUG] [main] PackageRelationshipCollection - Parsing relationship: /xl/_rels/workbook.xml.rels
[2025-12-02 22:04:52] [DEBUG] [main] PackageRelationshipCollection - Parsing relationship: /_rels/.rels
[2025-12-02 22:04:53] [TRACE] [main] XBeanDebug - Loading type system org.apache.poi.schemas.ooxml.system.ooxml
[2025-12-02 22:04:53] [TRACE] [main] XBeanDebug - Loading type system org.apache.xmlbeans.metadata.system.sXMLCONFIG
[2025-12-02 22:04:53] [TRACE] [main] XBeanDebug - Loading type system org.apache.xmlbeans.metadata.system.sXMLLANG
[2025-12-02 22:04:53] [TRACE] [main] XBeanDebug - Loading type system org.apache.xmlbeans.metadata.system.sXMLSCHEMA
[2025-12-02 22:04:53] [TRACE] [main] XBeanDebug - Loading type system org.apache.xmlbeans.metadata.system.sXMLTOOLS
[2025-12-02 22:04:53] [TRACE] [main] XBeanDebug - Reading unresolved handles for type system org.apache.xmlbeans.metadata.system.sXMLTOOLS
[2025-12-02 22:04:53] [TRACE] [main] XBeanDebug - Finished loading type system org.apache.xmlbeans.metadata.system.sXMLTOOLS
[2025-12-02 22:04:53] [TRACE] [main] XBeanDebug - Reading unresolved handles for type system org.apache.xmlbeans.metadata.system.sXMLSCHEMA
[2025-12-02 22:04:53] [TRACE] [main] XBeanDebug - Finished loading type system org.apache.xmlbeans.metadata.system.sXMLSCHEMA
[2025-12-02 22:04:53] [TRACE] [main] XBeanDebug - Reading unresolved handles for type system org.apache.xmlbeans.metadata.system.sXMLLANG
[2025-12-02 22:04:53] [TRACE] [main] XBeanDebug - Finished loading type system org.apache.xmlbeans.metadata.system.sXMLLANG
[2025-12-02 22:04:53] [TRACE] [main] XBeanDebug - Reading unresolved handles for type system org.apache.xmlbeans.metadata.system.sXMLCONFIG
[2025-12-02 22:04:53] [TRACE] [main] XBeanDebug - Finished loading type system org.apache.xmlbeans.metadata.system.sXMLCONFIG
[2025-12-02 22:04:53] [TRACE] [main] XBeanDebug - Reading unresolved handles for type system org.apache.poi.schemas.ooxml.system.ooxml
[2025-12-02 22:04:53] [TRACE] [main] XBeanDebug - Finished loading type system org.apache.poi.schemas.ooxml.system.ooxml
[2025-12-02 22:04:53] [TRACE] [main] XBeanDebug - Resolving type for handle themefd26doctype
[2025-12-02 22:04:53] [TRACE] [main] XBeanDebug - Resolving type for handle stylesheet5d8bdoctype
[2025-12-02 22:04:53] [TRACE] [main] XBeanDebug - Resolving type for handle ctstylesheet4257type
[2025-12-02 22:04:53] [DEBUG] [main] PackageRelationshipCollection - Parsing relationship: /xl/_rels/workbook.xml.rels
[2025-12-02 22:04:53] [TRACE] [main] XBeanDebug - Resolving type for handle ctfonts6623type
[2025-12-02 22:04:53] [DEBUG] [main] PackageRelationshipCollection - Parsing relationship: /_rels/.rels
[2025-12-02 22:04:53] [TRACE] [main] XBeanDebug - Resolving type for handle ctfont14d8type
[2025-12-02 22:04:53] [TRACE] [main] XBeanDebug - Resolving type for handle ctfills2c6ftype
[2025-12-02 22:04:53] [TRACE] [main] XBeanDebug - Resolving type for handle ctfill550ctype
[2025-12-02 22:04:53] [TRACE] [main] XBeanDebug - Resolving type for handle ctborders0d66type
[2025-12-02 22:04:53] [TRACE] [main] XBeanDebug - Resolving type for handle ctborderf935type
[2025-12-02 22:04:53] [TRACE] [main] XBeanDebug - Resolving type for handle ctcellxfs1322type
[2025-12-02 22:04:53] [TRACE] [main] XBeanDebug - Resolving type for handle ctxf97f7type
[2025-12-02 22:04:53] [TRACE] [main] XBeanDebug - Resolving type for handle ctcellstylexfsa81ftype
[2025-12-02 22:04:53] [TRACE] [main] XBeanDebug - Resolving type for handle ctdxfsb26atype
[2025-12-02 22:04:53] [TRACE] [main] XBeanDebug - Resolving type for handle cttablestyles872ftype
[2025-12-02 22:04:53] [TRACE] [main] XBeanDebug - Resolving type for handle sstf81fdoctype
[2025-12-02 22:04:53] [TRACE] [main] XBeanDebug - Resolving type for handle ctsst44f3type
[2025-12-02 22:04:53] [TRACE] [main] XBeanDebug - Resolving type for handle ctrsta472type
[2025-12-02 22:04:53] [TRACE] [main] XBeanDebug - Resolving type for handle workbookec17doctype
[2025-12-02 22:04:53] [TRACE] [main] XBeanDebug - Resolving type for handle ctworkbook83c3type
[2025-12-02 22:04:53] [TRACE] [main] XBeanDebug - Resolving type for handle ctsheets49fdtype
[2025-12-02 22:04:54] [TRACE] [main] XBeanDebug - Resolving type for handle ctsheet4dbetype
[2025-12-02 22:04:54] [TRACE] [main] XBeanDebug - Resolving type for handle strelationshipid1e94type
[2025-12-02 22:04:54] [TRACE] [main] XBeanDebug - Resolving type for handle worksheetf539doctype
[2025-12-02 22:04:54] [TRACE] [main] XBeanDebug - Resolving type for handle ctworksheet530dtype
[2025-12-02 22:04:54] [TRACE] [main] XBeanDebug - Resolving type for handle ctcols627ctype
[2025-12-02 22:04:54] [TRACE] [main] XBeanDebug - Resolving type for handle ctcola95ftype
[2025-12-02 22:04:54] [TRACE] [main] XBeanDebug - Resolving type for handle ctsheetdata8408type
[2025-12-02 22:04:54] [TRACE] [main] XBeanDebug - Resolving type for handle ctrowdd39type
[2025-12-02 22:04:54] [TRACE] [main] XBeanDebug - Resolving type for handle ctcell842btype
[2025-12-02 22:04:54] [TRACE] [main] XBeanDebug - Resolving type for handle stcellrefe4e0type
[2025-12-02 22:04:54] [TRACE] [main] XBeanDebug - Resolving type for handle stxstringf179type
[2025-12-02 22:04:54] [TRACE] [main] XBeanDebug - Loading type system org.apache.poi.schemas.ooxml.system.ooxml
[2025-12-02 22:04:54] [TRACE] [main] XBeanDebug - Loading type system org.apache.xmlbeans.metadata.system.sXMLCONFIG
[2025-12-02 22:04:54] [TRACE] [main] XBeanDebug - Loading type system org.apache.xmlbeans.metadata.system.sXMLLANG
[2025-12-02 22:04:54] [TRACE] [main] XBeanDebug - Loading type system org.apache.xmlbeans.metadata.system.sXMLSCHEMA
[2025-12-02 22:04:54] [TRACE] [main] XBeanDebug - Loading type system org.apache.xmlbeans.metadata.system.sXMLTOOLS
[2025-12-02 22:04:54] [TRACE] [main] XBeanDebug - Reading unresolved handles for type system org.apache.xmlbeans.metadata.system.sXMLTOOLS
[2025-12-02 22:04:54] [TRACE] [main] XBeanDebug - Finished loading type system org.apache.xmlbeans.metadata.system.sXMLTOOLS
[2025-12-02 22:04:54] [TRACE] [main] XBeanDebug - Reading unresolved handles for type system org.apache.xmlbeans.metadata.system.sXMLSCHEMA
[2025-12-02 22:04:54] [TRACE] [main] XBeanDebug - Finished loading type system org.apache.xmlbeans.metadata.system.sXMLSCHEMA
[2025-12-02 22:04:54] [TRACE] [main] XBeanDebug - Reading unresolved handles for type system org.apache.xmlbeans.metadata.system.sXMLLANG
[2025-12-02 22:04:54] [TRACE] [main] XBeanDebug - Finished loading type system org.apache.xmlbeans.metadata.system.sXMLLANG
[2025-12-02 22:04:54] [TRACE] [main] XBeanDebug - Reading unresolved handles for type system org.apache.xmlbeans.metadata.system.sXMLCONFIG
[2025-12-02 22:04:54] [TRACE] [main] XBeanDebug - Finished loading type system org.apache.xmlbeans.metadata.system.sXMLCONFIG
[2025-12-02 22:04:54] [TRACE] [main] XBeanDebug - Reading unresolved handles for type system org.apache.poi.schemas.ooxml.system.ooxml
[2025-12-02 22:04:54] [TRACE] [main] XBeanDebug - Finished loading type system org.apache.poi.schemas.ooxml.system.ooxml
[2025-12-02 22:04:54] [TRACE] [main] XBeanDebug - Resolving type for handle themefd26doctype
[2025-12-02 22:04:54] [TRACE] [main] XBeanDebug - Resolving type for handle stylesheet5d8bdoctype
[2025-12-02 22:04:54] [TRACE] [main] XBeanDebug - Resolving type for handle ctstylesheet4257type
[2025-12-02 22:04:54] [TRACE] [main] XBeanDebug - Resolving type for handle ctfonts6623type
[2025-12-02 22:04:54] [TRACE] [main] XBeanDebug - Resolving type for handle ctfont14d8type
[2025-12-02 22:04:54] [TRACE] [main] XBeanDebug - Resolving type for handle ctfills2c6ftype
[2025-12-02 22:04:54] [TRACE] [main] XBeanDebug - Resolving type for handle ctfill550ctype
[2025-12-02 22:04:54] [TRACE] [main] XBeanDebug - Resolving type for handle ctborders0d66type
[2025-12-02 22:04:54] [TRACE] [main] XBeanDebug - Resolving type for handle ctborderf935type
[2025-12-02 22:04:54] [TRACE] [main] XBeanDebug - Resolving type for handle ctcellxfs1322type
[2025-12-02 22:04:54] [TRACE] [main] XBeanDebug - Resolving type for handle ctxf97f7type
[2025-12-02 22:04:54] [TRACE] [main] XBeanDebug - Resolving type for handle ctcellstylexfsa81ftype
[2025-12-02 22:04:54] [TRACE] [main] XBeanDebug - Resolving type for handle ctdxfsb26atype
[2025-12-02 22:04:54] [TRACE] [main] XBeanDebug - Resolving type for handle cttablestyles872ftype
[2025-12-02 22:04:54] [TRACE] [main] XBeanDebug - Resolving type for handle sstf81fdoctype
[2025-12-02 22:04:54] [TRACE] [main] XBeanDebug - Resolving type for handle ctsst44f3type
[2025-12-02 22:04:54] [TRACE] [main] XBeanDebug - Resolving type for handle ctrsta472type
[2025-12-02 22:04:54] [TRACE] [main] XBeanDebug - Resolving type for handle workbookec17doctype
[2025-12-02 22:04:54] [TRACE] [main] XBeanDebug - Resolving type for handle ctworkbook83c3type
[2025-12-02 22:04:54] [TRACE] [main] XBeanDebug - Resolving type for handle ctsheets49fdtype
[2025-12-02 22:04:54] [TRACE] [main] XBeanDebug - Resolving type for handle ctsheet4dbetype
[2025-12-02 22:04:54] [TRACE] [main] XBeanDebug - Resolving type for handle strelationshipid1e94type
[2025-12-02 22:04:54] [TRACE] [main] XBeanDebug - Resolving type for handle worksheetf539doctype
[2025-12-02 22:04:54] [TRACE] [main] XBeanDebug - Resolving type for handle ctworksheet530dtype
[2025-12-02 22:04:54] [TRACE] [main] XBeanDebug - Resolving type for handle ctcols627ctype
[2025-12-02 22:04:54] [TRACE] [main] XBeanDebug - Resolving type for handle ctcola95ftype
[2025-12-02 22:04:54] [TRACE] [main] XBeanDebug - Resolving type for handle ctsheetdata8408type
[2025-12-02 22:04:54] [TRACE] [main] XBeanDebug - Resolving type for handle ctrowdd39type
[2025-12-02 22:04:54] [TRACE] [main] XBeanDebug - Resolving type for handle ctcell842btype
[2025-12-02 22:04:54] [TRACE] [main] XBeanDebug - Resolving type for handle stcellrefe4e0type
[2025-12-02 22:04:54] [TRACE] [main] XBeanDebug - Resolving type for handle stxstringf179type
[2025-12-02 22:06:16] [DEBUG] [main] PackageRelationshipCollection - Parsing relationship: /xl/_rels/workbook.xml.rels
[2025-12-02 22:06:16] [DEBUG] [main] PackageRelationshipCollection - Parsing relationship: /_rels/.rels
[2025-12-02 22:06:16] [TRACE] [main] XBeanDebug - Loading type system org.apache.poi.schemas.ooxml.system.ooxml
[2025-12-02 22:06:16] [TRACE] [main] XBeanDebug - Loading type system org.apache.xmlbeans.metadata.system.sXMLCONFIG
[2025-12-02 22:06:16] [TRACE] [main] XBeanDebug - Loading type system org.apache.xmlbeans.metadata.system.sXMLLANG
[2025-12-02 22:06:16] [TRACE] [main] XBeanDebug - Loading type system org.apache.xmlbeans.metadata.system.sXMLSCHEMA
[2025-12-02 22:06:16] [TRACE] [main] XBeanDebug - Loading type system org.apache.xmlbeans.metadata.system.sXMLTOOLS
[2025-12-02 22:06:16] [TRACE] [main] XBeanDebug - Reading unresolved handles for type system org.apache.xmlbeans.metadata.system.sXMLTOOLS
[2025-12-02 22:06:16] [TRACE] [main] XBeanDebug - Finished loading type system org.apache.xmlbeans.metadata.system.sXMLTOOLS
[2025-12-02 22:06:16] [TRACE] [main] XBeanDebug - Reading unresolved handles for type system org.apache.xmlbeans.metadata.system.sXMLSCHEMA
[2025-12-02 22:06:16] [TRACE] [main] XBeanDebug - Finished loading type system org.apache.xmlbeans.metadata.system.sXMLSCHEMA
[2025-12-02 22:06:16] [TRACE] [main] XBeanDebug - Reading unresolved handles for type system org.apache.xmlbeans.metadata.system.sXMLLANG
[2025-12-02 22:06:16] [TRACE] [main] XBeanDebug - Finished loading type system org.apache.xmlbeans.metadata.system.sXMLLANG
[2025-12-02 22:06:16] [TRACE] [main] XBeanDebug - Reading unresolved handles for type system org.apache.xmlbeans.metadata.system.sXMLCONFIG
[2025-12-02 22:06:16] [TRACE] [main] XBeanDebug - Finished loading type system org.apache.xmlbeans.metadata.system.sXMLCONFIG
[2025-12-02 22:06:16] [TRACE] [main] XBeanDebug - Reading unresolved handles for type system org.apache.poi.schemas.ooxml.system.ooxml
[2025-12-02 22:06:16] [TRACE] [main] XBeanDebug - Finished loading type system org.apache.poi.schemas.ooxml.system.ooxml
[2025-12-02 22:06:16] [TRACE] [main] XBeanDebug - Resolving type for handle themefd26doctype
[2025-12-02 22:06:17] [TRACE] [main] XBeanDebug - Resolving type for handle stylesheet5d8bdoctype
[2025-12-02 22:06:17] [TRACE] [main] XBeanDebug - Resolving type for handle ctstylesheet4257type
[2025-12-02 22:06:17] [TRACE] [main] XBeanDebug - Resolving type for handle ctfonts6623type
[2025-12-02 22:06:17] [TRACE] [main] XBeanDebug - Resolving type for handle ctfont14d8type
[2025-12-02 22:06:17] [TRACE] [main] XBeanDebug - Resolving type for handle ctfills2c6ftype
[2025-12-02 22:06:17] [TRACE] [main] XBeanDebug - Resolving type for handle ctfill550ctype
[2025-12-02 22:06:17] [TRACE] [main] XBeanDebug - Resolving type for handle ctborders0d66type
[2025-12-02 22:06:17] [TRACE] [main] XBeanDebug - Resolving type for handle ctborderf935type
[2025-12-02 22:06:17] [TRACE] [main] XBeanDebug - Resolving type for handle ctcellxfs1322type
[2025-12-02 22:06:17] [TRACE] [main] XBeanDebug - Resolving type for handle ctxf97f7type
[2025-12-02 22:06:17] [TRACE] [main] XBeanDebug - Resolving type for handle ctcellstylexfsa81ftype
[2025-12-02 22:06:17] [TRACE] [main] XBeanDebug - Resolving type for handle ctdxfsb26atype
[2025-12-02 22:06:17] [TRACE] [main] XBeanDebug - Resolving type for handle cttablestyles872ftype
[2025-12-02 22:06:17] [TRACE] [main] XBeanDebug - Resolving type for handle sstf81fdoctype
[2025-12-02 22:06:17] [TRACE] [main] XBeanDebug - Resolving type for handle ctsst44f3type
[2025-12-02 22:06:17] [TRACE] [main] XBeanDebug - Resolving type for handle ctrsta472type
[2025-12-02 22:06:17] [TRACE] [main] XBeanDebug - Resolving type for handle workbookec17doctype
[2025-12-02 22:06:17] [TRACE] [main] XBeanDebug - Resolving type for handle ctworkbook83c3type
[2025-12-02 22:06:17] [TRACE] [main] XBeanDebug - Resolving type for handle ctsheets49fdtype
[2025-12-02 22:06:17] [TRACE] [main] XBeanDebug - Resolving type for handle ctsheet4dbetype
[2025-12-02 22:06:17] [TRACE] [main] XBeanDebug - Resolving type for handle strelationshipid1e94type
[2025-12-02 22:06:17] [TRACE] [main] XBeanDebug - Resolving type for handle worksheetf539doctype
[2025-12-02 22:06:17] [TRACE] [main] XBeanDebug - Resolving type for handle ctworksheet530dtype
[2025-12-02 22:06:17] [TRACE] [main] XBeanDebug - Resolving type for handle ctcols627ctype
[2025-12-02 22:06:17] [TRACE] [main] XBeanDebug - Resolving type for handle ctcola95ftype
[2025-12-02 22:06:17] [TRACE] [main] XBeanDebug - Resolving type for handle ctsheetdata8408type
[2025-12-02 22:06:17] [TRACE] [main] XBeanDebug - Resolving type for handle ctrowdd39type
[2025-12-02 22:06:17] [TRACE] [main] XBeanDebug - Resolving type for handle ctcell842btype
[2025-12-02 22:06:17] [TRACE] [main] XBeanDebug - Resolving type for handle stcellrefe4e0type
[2025-12-02 22:06:17] [TRACE] [main] XBeanDebug - Resolving type for handle stxstringf179type
[2025-12-02 22:08:01] [DEBUG] [main] PackageRelationshipCollection - Parsing relationship: /xl/_rels/workbook.xml.rels
[2025-12-02 22:08:01] [DEBUG] [main] PackageRelationshipCollection - Parsing relationship: /_rels/.rels
[2025-12-02 22:08:01] [TRACE] [main] XBeanDebug - Loading type system org.apache.poi.schemas.ooxml.system.ooxml
[2025-12-02 22:08:01] [TRACE] [main] XBeanDebug - Loading type system org.apache.xmlbeans.metadata.system.sXMLCONFIG
[2025-12-02 22:08:01] [TRACE] [main] XBeanDebug - Loading type system org.apache.xmlbeans.metadata.system.sXMLLANG
[2025-12-02 22:08:01] [TRACE] [main] XBeanDebug - Loading type system org.apache.xmlbeans.metadata.system.sXMLSCHEMA
[2025-12-02 22:08:01] [TRACE] [main] XBeanDebug - Loading type system org.apache.xmlbeans.metadata.system.sXMLTOOLS
[2025-12-02 22:08:01] [TRACE] [main] XBeanDebug - Reading unresolved handles for type system org.apache.xmlbeans.metadata.system.sXMLTOOLS
[2025-12-02 22:08:01] [TRACE] [main] XBeanDebug - Finished loading type system org.apache.xmlbeans.metadata.system.sXMLTOOLS
[2025-12-02 22:08:01] [TRACE] [main] XBeanDebug - Reading unresolved handles for type system org.apache.xmlbeans.metadata.system.sXMLSCHEMA
[2025-12-02 22:08:01] [TRACE] [main] XBeanDebug - Finished loading type system org.apache.xmlbeans.metadata.system.sXMLSCHEMA
[2025-12-02 22:08:01] [TRACE] [main] XBeanDebug - Reading unresolved handles for type system org.apache.xmlbeans.metadata.system.sXMLLANG
[2025-12-02 22:08:01] [TRACE] [main] XBeanDebug - Finished loading type system org.apache.xmlbeans.metadata.system.sXMLLANG
[2025-12-02 22:08:01] [TRACE] [main] XBeanDebug - Reading unresolved handles for type system org.apache.xmlbeans.metadata.system.sXMLCONFIG
[2025-12-02 22:08:01] [TRACE] [main] XBeanDebug - Finished loading type system org.apache.xmlbeans.metadata.system.sXMLCONFIG
[2025-12-02 22:08:01] [TRACE] [main] XBeanDebug - Reading unresolved handles for type system org.apache.poi.schemas.ooxml.system.ooxml
[2025-12-02 22:08:01] [TRACE] [main] XBeanDebug - Finished loading type system org.apache.poi.schemas.ooxml.system.ooxml
[2025-12-02 22:08:01] [TRACE] [main] XBeanDebug - Resolving type for handle themefd26doctype
[2025-12-02 22:08:01] [TRACE] [main] XBeanDebug - Resolving type for handle stylesheet5d8bdoctype
[2025-12-02 22:08:01] [TRACE] [main] XBeanDebug - Resolving type for handle ctstylesheet4257type
[2025-12-02 22:08:01] [TRACE] [main] XBeanDebug - Resolving type for handle ctfonts6623type
[2025-12-02 22:08:01] [TRACE] [main] XBeanDebug - Resolving type for handle ctfont14d8type
[2025-12-02 22:08:01] [TRACE] [main] XBeanDebug - Resolving type for handle ctfills2c6ftype
[2025-12-02 22:08:01] [TRACE] [main] XBeanDebug - Resolving type for handle ctfill550ctype
[2025-12-02 22:08:01] [TRACE] [main] XBeanDebug - Resolving type for handle ctborders0d66type
[2025-12-02 22:08:01] [TRACE] [main] XBeanDebug - Resolving type for handle ctborderf935type
[2025-12-02 22:08:01] [TRACE] [main] XBeanDebug - Resolving type for handle ctcellxfs1322type
[2025-12-02 22:08:01] [TRACE] [main] XBeanDebug - Resolving type for handle ctxf97f7type
[2025-12-02 22:08:01] [TRACE] [main] XBeanDebug - Resolving type for handle ctcellstylexfsa81ftype
[2025-12-02 22:08:01] [TRACE] [main] XBeanDebug - Resolving type for handle ctdxfsb26atype
[2025-12-02 22:08:01] [TRACE] [main] XBeanDebug - Resolving type for handle cttablestyles872ftype
[2025-12-02 22:08:01] [TRACE] [main] XBeanDebug - Resolving type for handle sstf81fdoctype
[2025-12-02 22:08:01] [TRACE] [main] XBeanDebug - Resolving type for handle ctsst44f3type
[2025-12-02 22:08:01] [TRACE] [main] XBeanDebug - Resolving type for handle ctrsta472type
[2025-12-02 22:08:01] [TRACE] [main] XBeanDebug - Resolving type for handle workbookec17doctype
[2025-12-02 22:08:01] [TRACE] [main] XBeanDebug - Resolving type for handle ctworkbook83c3type
[2025-12-02 22:08:01] [TRACE] [main] XBeanDebug - Resolving type for handle ctsheets49fdtype
[2025-12-02 22:08:01] [TRACE] [main] XBeanDebug - Resolving type for handle ctsheet4dbetype
[2025-12-02 22:08:01] [TRACE] [main] XBeanDebug - Resolving type for handle strelationshipid1e94type
[2025-12-02 22:08:01] [TRACE] [main] XBeanDebug - Resolving type for handle worksheetf539doctype
[2025-12-02 22:08:01] [TRACE] [main] XBeanDebug - Resolving type for handle ctworksheet530dtype
[2025-12-02 22:08:01] [TRACE] [main] XBeanDebug - Resolving type for handle ctcols627ctype
[2025-12-02 22:08:01] [TRACE] [main] XBeanDebug - Resolving type for handle ctcola95ftype
[2025-12-02 22:08:01] [TRACE] [main] XBeanDebug - Resolving type for handle ctsheetdata8408type
[2025-12-02 22:08:01] [TRACE] [main] XBeanDebug - Resolving type for handle ctrowdd39type
[2025-12-02 22:08:01] [TRACE] [main] XBeanDebug - Resolving type for handle ctcell842btype
[2025-12-02 22:08:01] [TRACE] [main] XBeanDebug - Resolving type for handle stcellrefe4e0type
[2025-12-02 22:08:01] [TRACE] [main] XBeanDebug - Resolving type for handle stxstringf179type
[2025-12-02 22:08:02] [DEBUG] [main] ZipPackage - Save content types part
[2025-12-02 22:08:02] [DEBUG] [main] ZipPackage - Save package relationships
[2025-12-02 22:08:02] [DEBUG] [main] ZipPackage - Save part 'docProps/app.xml'
[2025-12-02 22:08:02] [DEBUG] [main] ZipPackage - Save part 'docProps/core.xml'
[2025-12-02 22:08:02] [DEBUG] [main] ZipPackage - Save part 'xl/sharedStrings.xml'
[2025-12-02 22:08:02] [DEBUG] [main] ZipPackage - Save part 'xl/styles.xml'
[2025-12-02 22:08:02] [DEBUG] [main] ZipPackage - Save part 'xl/theme/theme1.xml'
[2025-12-02 22:08:02] [DEBUG] [main] ZipPackage - Save part 'xl/workbook.xml'
[2025-12-02 22:08:02] [DEBUG] [main] ZipPackage - Save part 'xl/worksheets/sheet1.xml'
[2025-12-02 22:08:28] [DEBUG] [main] PackageRelationshipCollection - Parsing relationship: /xl/_rels/workbook.xml.rels
[2025-12-02 22:08:28] [DEBUG] [main] PackageRelationshipCollection - Parsing relationship: /_rels/.rels
[2025-12-02 22:08:28] [TRACE] [main] XBeanDebug - Loading type system org.apache.poi.schemas.ooxml.system.ooxml
[2025-12-02 22:08:28] [TRACE] [main] XBeanDebug - Loading type system org.apache.xmlbeans.metadata.system.sXMLCONFIG
[2025-12-02 22:08:28] [TRACE] [main] XBeanDebug - Loading type system org.apache.xmlbeans.metadata.system.sXMLLANG
[2025-12-02 22:08:28] [TRACE] [main] XBeanDebug - Loading type system org.apache.xmlbeans.metadata.system.sXMLSCHEMA
[2025-12-02 22:08:28] [TRACE] [main] XBeanDebug - Loading type system org.apache.xmlbeans.metadata.system.sXMLTOOLS
[2025-12-02 22:08:28] [TRACE] [main] XBeanDebug - Reading unresolved handles for type system org.apache.xmlbeans.metadata.system.sXMLTOOLS
[2025-12-02 22:08:28] [TRACE] [main] XBeanDebug - Finished loading type system org.apache.xmlbeans.metadata.system.sXMLTOOLS
[2025-12-02 22:08:28] [TRACE] [main] XBeanDebug - Reading unresolved handles for type system org.apache.xmlbeans.metadata.system.sXMLSCHEMA
[2025-12-02 22:08:28] [TRACE] [main] XBeanDebug - Finished loading type system org.apache.xmlbeans.metadata.system.sXMLSCHEMA
[2025-12-02 22:08:28] [TRACE] [main] XBeanDebug - Reading unresolved handles for type system org.apache.xmlbeans.metadata.system.sXMLLANG
[2025-12-02 22:08:28] [TRACE] [main] XBeanDebug - Finished loading type system org.apache.xmlbeans.metadata.system.sXMLLANG
[2025-12-02 22:08:28] [TRACE] [main] XBeanDebug - Reading unresolved handles for type system org.apache.xmlbeans.metadata.system.sXMLCONFIG
[2025-12-02 22:08:28] [TRACE] [main] XBeanDebug - Finished loading type system org.apache.xmlbeans.metadata.system.sXMLCONFIG
[2025-12-02 22:08:28] [TRACE] [main] XBeanDebug - Reading unresolved handles for type system org.apache.poi.schemas.ooxml.system.ooxml
[2025-12-02 22:08:28] [TRACE] [main] XBeanDebug - Finished loading type system org.apache.poi.schemas.ooxml.system.ooxml
[2025-12-02 22:08:28] [TRACE] [main] XBeanDebug - Resolving type for handle themefd26doctype
[2025-12-02 22:08:28] [TRACE] [main] XBeanDebug - Resolving type for handle stylesheet5d8bdoctype
[2025-12-02 22:08:28] [TRACE] [main] XBeanDebug - Resolving type for handle ctstylesheet4257type
[2025-12-02 22:08:28] [TRACE] [main] XBeanDebug - Resolving type for handle ctfonts6623type
[2025-12-02 22:08:28] [TRACE] [main] XBeanDebug - Resolving type for handle ctfont14d8type
[2025-12-02 22:08:28] [TRACE] [main] XBeanDebug - Resolving type for handle ctfills2c6ftype
[2025-12-02 22:08:28] [TRACE] [main] XBeanDebug - Resolving type for handle ctfill550ctype
[2025-12-02 22:08:28] [TRACE] [main] XBeanDebug - Resolving type for handle ctborders0d66type
[2025-12-02 22:08:28] [TRACE] [main] XBeanDebug - Resolving type for handle ctborderf935type
[2025-12-02 22:08:28] [TRACE] [main] XBeanDebug - Resolving type for handle ctcellxfs1322type
[2025-12-02 22:08:28] [TRACE] [main] XBeanDebug - Resolving type for handle ctxf97f7type
[2025-12-02 22:08:28] [TRACE] [main] XBeanDebug - Resolving type for handle ctcellstylexfsa81ftype
[2025-12-02 22:08:28] [TRACE] [main] XBeanDebug - Resolving type for handle ctdxfsb26atype
[2025-12-02 22:08:28] [TRACE] [main] XBeanDebug - Resolving type for handle cttablestyles872ftype
[2025-12-02 22:08:28] [TRACE] [main] XBeanDebug - Resolving type for handle sstf81fdoctype
[2025-12-02 22:08:28] [TRACE] [main] XBeanDebug - Resolving type for handle ctsst44f3type
[2025-12-02 22:08:28] [TRACE] [main] XBeanDebug - Resolving type for handle ctrsta472type
[2025-12-02 22:08:28] [TRACE] [main] XBeanDebug - Resolving type for handle workbookec17doctype
[2025-12-02 22:08:28] [TRACE] [main] XBeanDebug - Resolving type for handle ctworkbook83c3type
[2025-12-02 22:08:28] [TRACE] [main] XBeanDebug - Resolving type for handle ctsheets49fdtype
[2025-12-02 22:08:28] [TRACE] [main] XBeanDebug - Resolving type for handle ctsheet4dbetype
[2025-12-02 22:08:28] [TRACE] [main] XBeanDebug - Resolving type for handle strelationshipid1e94type
[2025-12-02 22:08:28] [TRACE] [main] XBeanDebug - Resolving type for handle worksheetf539doctype
[2025-12-02 22:08:28] [TRACE] [main] XBeanDebug - Resolving type for handle ctworksheet530dtype
[2025-12-02 22:08:28] [TRACE] [main] XBeanDebug - Resolving type for handle ctcols627ctype
[2025-12-02 22:08:28] [TRACE] [main] XBeanDebug - Resolving type for handle ctcola95ftype
[2025-12-02 22:08:28] [TRACE] [main] XBeanDebug - Resolving type for handle ctsheetdata8408type
[2025-12-02 22:08:28] [TRACE] [main] XBeanDebug - Resolving type for handle ctrowdd39type
[2025-12-02 22:08:28] [TRACE] [main] XBeanDebug - Resolving type for handle ctcell842btype
[2025-12-02 22:08:28] [TRACE] [main] XBeanDebug - Resolving type for handle stcellrefe4e0type
[2025-12-02 22:08:28] [TRACE] [main] XBeanDebug - Resolving type for handle stxstringf179type
[2025-12-02 22:10:17] [DEBUG] [main] PackageRelationshipCollection - Parsing relationship: /xl/_rels/workbook.xml.rels
[2025-12-02 22:10:17] [DEBUG] [main] PackageRelationshipCollection - Parsing relationship: /_rels/.rels
[2025-12-02 22:10:17] [TRACE] [main] XBeanDebug - Loading type system org.apache.poi.schemas.ooxml.system.ooxml
[2025-12-02 22:10:17] [TRACE] [main] XBeanDebug - Loading type system org.apache.xmlbeans.metadata.system.sXMLCONFIG
[2025-12-02 22:10:17] [TRACE] [main] XBeanDebug - Loading type system org.apache.xmlbeans.metadata.system.sXMLLANG
[2025-12-02 22:10:17] [TRACE] [main] XBeanDebug - Loading type system org.apache.xmlbeans.metadata.system.sXMLSCHEMA
[2025-12-02 22:10:17] [TRACE] [main] XBeanDebug - Loading type system org.apache.xmlbeans.metadata.system.sXMLTOOLS
[2025-12-02 22:10:17] [TRACE] [main] XBeanDebug - Reading unresolved handles for type system org.apache.xmlbeans.metadata.system.sXMLTOOLS
[2025-12-02 22:10:17] [TRACE] [main] XBeanDebug - Finished loading type system org.apache.xmlbeans.metadata.system.sXMLTOOLS
[2025-12-02 22:10:17] [TRACE] [main] XBeanDebug - Reading unresolved handles for type system org.apache.xmlbeans.metadata.system.sXMLSCHEMA
[2025-12-02 22:10:17] [TRACE] [main] XBeanDebug - Finished loading type system org.apache.xmlbeans.metadata.system.sXMLSCHEMA
[2025-12-02 22:10:17] [TRACE] [main] XBeanDebug - Reading unresolved handles for type system org.apache.xmlbeans.metadata.system.sXMLLANG
[2025-12-02 22:10:17] [TRACE] [main] XBeanDebug - Finished loading type system org.apache.xmlbeans.metadata.system.sXMLLANG
[2025-12-02 22:10:17] [TRACE] [main] XBeanDebug - Reading unresolved handles for type system org.apache.xmlbeans.metadata.system.sXMLCONFIG
[2025-12-02 22:10:17] [TRACE] [main] XBeanDebug - Finished loading type system org.apache.xmlbeans.metadata.system.sXMLCONFIG
[2025-12-02 22:10:17] [TRACE] [main] XBeanDebug - Reading unresolved handles for type system org.apache.poi.schemas.ooxml.system.ooxml
[2025-12-02 22:10:17] [TRACE] [main] XBeanDebug - Finished loading type system org.apache.poi.schemas.ooxml.system.ooxml
[2025-12-02 22:10:17] [TRACE] [main] XBeanDebug - Resolving type for handle themefd26doctype
[2025-12-02 22:10:17] [TRACE] [main] XBeanDebug - Resolving type for handle stylesheet5d8bdoctype
[2025-12-02 22:10:17] [TRACE] [main] XBeanDebug - Resolving type for handle ctstylesheet4257type
[2025-12-02 22:10:17] [TRACE] [main] XBeanDebug - Resolving type for handle ctfonts6623type
[2025-12-02 22:10:17] [TRACE] [main] XBeanDebug - Resolving type for handle ctfont14d8type
[2025-12-02 22:10:17] [TRACE] [main] XBeanDebug - Resolving type for handle ctfills2c6ftype
[2025-12-02 22:10:17] [TRACE] [main] XBeanDebug - Resolving type for handle ctfill550ctype
[2025-12-02 22:10:17] [TRACE] [main] XBeanDebug - Resolving type for handle ctborders0d66type
[2025-12-02 22:10:17] [TRACE] [main] XBeanDebug - Resolving type for handle ctborderf935type
[2025-12-02 22:10:17] [TRACE] [main] XBeanDebug - Resolving type for handle ctcellxfs1322type
[2025-12-02 22:10:17] [TRACE] [main] XBeanDebug - Resolving type for handle ctxf97f7type
[2025-12-02 22:10:17] [TRACE] [main] XBeanDebug - Resolving type for handle ctcellstylexfsa81ftype
[2025-12-02 22:10:17] [TRACE] [main] XBeanDebug - Resolving type for handle ctdxfsb26atype
[2025-12-02 22:10:17] [TRACE] [main] XBeanDebug - Resolving type for handle cttablestyles872ftype
[2025-12-02 22:10:17] [TRACE] [main] XBeanDebug - Resolving type for handle sstf81fdoctype
[2025-12-02 22:10:17] [TRACE] [main] XBeanDebug - Resolving type for handle ctsst44f3type
[2025-12-02 22:10:17] [TRACE] [main] XBeanDebug - Resolving type for handle ctrsta472type
[2025-12-02 22:10:17] [TRACE] [main] XBeanDebug - Resolving type for handle workbookec17doctype
[2025-12-02 22:10:17] [TRACE] [main] XBeanDebug - Resolving type for handle ctworkbook83c3type
[2025-12-02 22:10:17] [TRACE] [main] XBeanDebug - Resolving type for handle ctsheets49fdtype
[2025-12-02 22:10:17] [TRACE] [main] XBeanDebug - Resolving type for handle ctsheet4dbetype
[2025-12-02 22:10:17] [TRACE] [main] XBeanDebug - Resolving type for handle strelationshipid1e94type
[2025-12-02 22:10:17] [TRACE] [main] XBeanDebug - Resolving type for handle worksheetf539doctype
[2025-12-02 22:10:17] [TRACE] [main] XBeanDebug - Resolving type for handle ctworksheet530dtype
[2025-12-02 22:10:17] [TRACE] [main] XBeanDebug - Resolving type for handle ctcols627ctype
[2025-12-02 22:10:17] [TRACE] [main] XBeanDebug - Resolving type for handle ctcola95ftype
[2025-12-02 22:10:17] [TRACE] [main] XBeanDebug - Resolving type for handle ctsheetdata8408type
[2025-12-02 22:10:17] [TRACE] [main] XBeanDebug - Resolving type for handle ctrowdd39type
[2025-12-02 22:10:17] [TRACE] [main] XBeanDebug - Resolving type for handle ctcell842btype
[2025-12-02 22:10:17] [TRACE] [main] XBeanDebug - Resolving type for handle stcellrefe4e0type
[2025-12-02 22:10:17] [TRACE] [main] XBeanDebug - Resolving type for handle stxstringf179type
[2025-12-02 22:11:49] [DEBUG] [main] PackageRelationshipCollection - Parsing relationship: /xl/_rels/workbook.xml.rels
[2025-12-02 22:11:49] [DEBUG] [main] PackageRelationshipCollection - Parsing relationship: /_rels/.rels
[2025-12-02 22:11:50] [TRACE] [main] XBeanDebug - Loading type system org.apache.poi.schemas.ooxml.system.ooxml
[2025-12-02 22:11:50] [TRACE] [main] XBeanDebug - Loading type system org.apache.xmlbeans.metadata.system.sXMLCONFIG
[2025-12-02 22:11:50] [TRACE] [main] XBeanDebug - Loading type system org.apache.xmlbeans.metadata.system.sXMLLANG
[2025-12-02 22:11:50] [TRACE] [main] XBeanDebug - Loading type system org.apache.xmlbeans.metadata.system.sXMLSCHEMA
[2025-12-02 22:11:50] [TRACE] [main] XBeanDebug - Loading type system org.apache.xmlbeans.metadata.system.sXMLTOOLS
[2025-12-02 22:11:50] [TRACE] [main] XBeanDebug - Reading unresolved handles for type system org.apache.xmlbeans.metadata.system.sXMLTOOLS
[2025-12-02 22:11:50] [TRACE] [main] XBeanDebug - Finished loading type system org.apache.xmlbeans.metadata.system.sXMLTOOLS
[2025-12-02 22:11:50] [TRACE] [main] XBeanDebug - Reading unresolved handles for type system org.apache.xmlbeans.metadata.system.sXMLSCHEMA
[2025-12-02 22:11:50] [TRACE] [main] XBeanDebug - Finished loading type system org.apache.xmlbeans.metadata.system.sXMLSCHEMA
[2025-12-02 22:11:50] [TRACE] [main] XBeanDebug - Reading unresolved handles for type system org.apache.xmlbeans.metadata.system.sXMLLANG
[2025-12-02 22:11:50] [TRACE] [main] XBeanDebug - Finished loading type system org.apache.xmlbeans.metadata.system.sXMLLANG
[2025-12-02 22:11:50] [TRACE] [main] XBeanDebug - Reading unresolved handles for type system org.apache.xmlbeans.metadata.system.sXMLCONFIG
[2025-12-02 22:11:50] [TRACE] [main] XBeanDebug - Finished loading type system org.apache.xmlbeans.metadata.system.sXMLCONFIG
[2025-12-02 22:11:50] [TRACE] [main] XBeanDebug - Reading unresolved handles for type system org.apache.poi.schemas.ooxml.system.ooxml
[2025-12-02 22:11:50] [TRACE] [main] XBeanDebug - Finished loading type system org.apache.poi.schemas.ooxml.system.ooxml
[2025-12-02 22:11:50] [TRACE] [main] XBeanDebug - Resolving type for handle themefd26doctype
[2025-12-02 22:11:50] [TRACE] [main] XBeanDebug - Resolving type for handle stylesheet5d8bdoctype
[2025-12-02 22:11:50] [TRACE] [main] XBeanDebug - Resolving type for handle ctstylesheet4257type
[2025-12-02 22:11:50] [TRACE] [main] XBeanDebug - Resolving type for handle ctfonts6623type
[2025-12-02 22:11:50] [TRACE] [main] XBeanDebug - Resolving type for handle ctfont14d8type
[2025-12-02 22:11:50] [TRACE] [main] XBeanDebug - Resolving type for handle ctfills2c6ftype
[2025-12-02 22:11:50] [TRACE] [main] XBeanDebug - Resolving type for handle ctfill550ctype
[2025-12-02 22:11:50] [TRACE] [main] XBeanDebug - Resolving type for handle ctborders0d66type
[2025-12-02 22:11:50] [TRACE] [main] XBeanDebug - Resolving type for handle ctborderf935type
[2025-12-02 22:11:50] [TRACE] [main] XBeanDebug - Resolving type for handle ctcellxfs1322type
[2025-12-02 22:11:50] [TRACE] [main] XBeanDebug - Resolving type for handle ctxf97f7type
[2025-12-02 22:11:50] [TRACE] [main] XBeanDebug - Resolving type for handle ctcellstylexfsa81ftype
[2025-12-02 22:11:50] [TRACE] [main] XBeanDebug - Resolving type for handle ctdxfsb26atype
[2025-12-02 22:11:50] [TRACE] [main] XBeanDebug - Resolving type for handle cttablestyles872ftype
[2025-12-02 22:11:50] [TRACE] [main] XBeanDebug - Resolving type for handle sstf81fdoctype
[2025-12-02 22:11:50] [TRACE] [main] XBeanDebug - Resolving type for handle ctsst44f3type
[2025-12-02 22:11:50] [TRACE] [main] XBeanDebug - Resolving type for handle ctrsta472type
[2025-12-02 22:11:50] [TRACE] [main] XBeanDebug - Resolving type for handle workbookec17doctype
[2025-12-02 22:11:50] [TRACE] [main] XBeanDebug - Resolving type for handle ctworkbook83c3type
[2025-12-02 22:11:50] [TRACE] [main] XBeanDebug - Resolving type for handle ctsheets49fdtype
[2025-12-02 22:11:50] [TRACE] [main] XBeanDebug - Resolving type for handle ctsheet4dbetype
[2025-12-02 22:11:50] [TRACE] [main] XBeanDebug - Resolving type for handle strelationshipid1e94type
[2025-12-02 22:11:50] [TRACE] [main] XBeanDebug - Resolving type for handle worksheetf539doctype
[2025-12-02 22:11:50] [TRACE] [main] XBeanDebug - Resolving type for handle ctworksheet530dtype
[2025-12-02 22:11:50] [TRACE] [main] XBeanDebug - Resolving type for handle ctcols627ctype
[2025-12-02 22:11:50] [TRACE] [main] XBeanDebug - Resolving type for handle ctcola95ftype
[2025-12-02 22:11:50] [TRACE] [main] XBeanDebug - Resolving type for handle ctsheetdata8408type
[2025-12-02 22:11:50] [TRACE] [main] XBeanDebug - Resolving type for handle ctrowdd39type
[2025-12-02 22:11:50] [TRACE] [main] XBeanDebug - Resolving type for handle ctcell842btype
[2025-12-02 22:11:50] [TRACE] [main] XBeanDebug - Resolving type for handle stcellrefe4e0type
[2025-12-02 22:11:50] [TRACE] [main] XBeanDebug - Resolving type for handle stxstringf179type
